reset
create curve arc radius 200 center location 0 0 0 normal 0 0 1 start angle 0 stop angle 360 
sweep curve 1 vector 0 0 1  distance 400

surface 1 size 30
mesh surface 1

block 1 add surface 1
block 1 element type shell8
ccx block 1 element_type S8

nodeset 1 add curve 1 
nodeset 1 name "bottom"
nodeset 2 add curve 2  
nodeset 2 name "top"

#material
create material "Steel" property_group "CalculiX-FEA"
modify material "Steel" scalar_properties "CCX_ELASTIC_USE_CARD" 1
modify material "Steel" scalar_properties "CCX_ELASTIC_ISO_USE_CARD" 1
modify material "Steel" matrix_property "CCX_ELASTIC_ISO_MODULUS_VS_POISSON_VS_TEMPERATURE" 2e+5 0.3 0 
modify material "Steel" scalar_properties "CCX_PLASTIC_ISO_USE_CARD" 1
modify material "Steel" scalar_properties "CCX_EXPANSION_ISO_USE_CARD" 1
modify material "Steel" scalar_properties "CCX_CONDUCTIVITY_ISO_USE_CARD" 1
#modify material "Steel" scalar_properties "CCX_PLASTIC_USE_CARD" 1
#modify material "Steel" matrix_property "CCX_PLASTIC_ISO_YIELD_STRESS_VS_STRAIN_VS_TEMPERATURE" 4e+2 0 0 4.2e+2 0.02 0 5e+2 0.2 0 6e+2 0.5 0 

ccx create section shell block 1 material 1 thickness 2 offset 0

create force  on nodeset 2 force value -1 direction 0 0 1

create displacement on nodeset 1 dof 1 dof 2 dof 3 dof 4 dof 5 dof 6 fix 0
create displacement on nodeset 2 dof 1 dof 2 dof 4 dof 5 dof 6 fix 0
#modify displacement 2 dof 3 fix -5

ccx create fieldoutput name "fo_1" node
ccx modify fieldoutput 1 element output_2d
ccx modify fieldoutput 1 node key_on RF U 
ccx modify fieldoutput 1 node key_off CP DEPF DEPT DTF HCRI KEQ MACH MAXU MF NT PNT POT PRF PS PSF PT PTF PU RFL SEN TS TSF TT TTF TURB V VF 
ccx create fieldoutput name "fo_2" element
ccx modify fieldoutput 2 element output_2d
ccx modify fieldoutput 2 element key_on E S 
ccx modify fieldoutput 2 element key_off CEEQ ECD EMFB EMFE ENER ERR HER HFL HFLF MAXE MAXS ME PEEQ PHS SF SMID SNEG SPOS SVF SDV THE ZZS 

ccx create step name "buckle" buckle
ccx modify step 1 buckle bucklingfactors 1 accuracy 1e-8
ccx step 1 add load force 1
ccx step 1 add bc displacement 1 2
ccx step 1 add fieldoutput 1 2

ccx create job name "buckle"
ccx run job 1
ccx wait job 1

ccx delete step 1

modify material "Steel" scalar_properties "CCX_PLASTIC_USE_CARD" 1
modify material "Steel" matrix_property "CCX_PLASTIC_ISO_YIELD_STRESS_VS_STRAIN_VS_TEMPERATURE" 4e+2 0 0 4.2e+2 0.02 0 5e+2 0.2 0 6e+2 0.5 0 
modify displacement 2 dof 3 fix -50

ccx create step name "nonlinear" static
ccx modify step 1 parameter nlgeom_yes
ccx modify step 1 static totaltimeatstart 0 initialtimeincrement 0.01 timeperiodofstep 1 minimumtimeincrement 1e-5 maximumtimeincrement 0.1
ccx step 1 add bc displacement 1 2
ccx step 1 add fieldoutput 1 2

ccx result project job 1 totalincrement 2 scale 1
#ccx result project job 1 totalincrement 3 scale 0.5
#ccx result project job 1 totalincrement 4 scale 0.25
#ccx result project job 1 totalincrement 5 scale 0.125
#ccx result project job 1 totalincrement 6 scale 0.0625

ccx create job name "nonlinear"
ccx run job 2