reset
create brick x 10 y 10 z 100
block 1 add volume 1

volume all size auto factor 10

create material "Steel" property_group "CalculiX-FEA"
modify material "Steel" scalar_properties "CCX_ELASTIC_USE_CARD" 1
modify material "Steel" scalar_properties "CCX_ELASTIC_ISO_USE_CARD" 1
modify material "Steel" matrix_property "CCX_ELASTIC_ISO_MODULUS_VS_POISSON_VS_TEMPERATURE" 210000 0.3 0 
modify material "Steel" scalar_properties "CCX_PLASTIC_ISO_USE_CARD" 1
modify material "Steel" scalar_properties "CCX_DENSITY_USE_CARD" 1
modify material "Steel" matrix_property "CCX_DENSITY_DENSITY" 0.0078 0 
modify material "Steel" scalar_properties "CCX_SPECIFIC_HEAT_USE_CARD" 1
modify material "Steel" matrix_property "CCX_SPECIFIC_HEAT_SPECIFIC_HEAT" 0.5 0 
modify material "Steel" scalar_properties "CCX_EXPANSION_USE_CARD" 1
modify material "Steel" scalar_properties "CCX_EXPANSION_ISO_USE_CARD" 1
modify material "Steel" matrix_property "CCX_EXPANSION_ISO_A_TEMPERATURE" 1.2e-05 0 
modify material "Steel" scalar_properties "CCX_CONDUCTIVITY_USE_CARD" 1
modify material "Steel" scalar_properties "CCX_CONDUCTIVITY_ISO_USE_CARD" 1
modify material "Steel" matrix_property "CCX_CONDUCTIVITY_ISO_K_TEMPERATURE" 52 0 

ccx create section solid block 1 material 1

nodeset 1 add surface 1 2

create temperature on volume 1 value 200
create heatflux on surface 1 value -15

ccx create fieldoutput name "nodes" node
ccx create fieldoutput name "elements" element

ccx modify fieldoutput 1 node last_iterations_on
ccx modify fieldoutput 1 node key_on NT U 
ccx modify fieldoutput 1 node key_off CP DEPF DEPT DTF HCRI KEQ MACH MAXU MF PNT POT PRF PS PSF PT PTF PU RFL SEN TS TSF TT TTF TURB V VF RF

ccx modify fieldoutput 2 element last_iterations_on
ccx modify fieldoutput 2 element key_on E ERR  S 
ccx modify fieldoutput 2 element key_off CEEQ HFL ECD EMFB EMFE ENER HER HFLF MAXE MAXS ME PEEQ PHS SF SMID SNEG SPOS SVF SDV THE ZZS 

ccx create historyoutput name "flux_node" node
ccx create historyoutput name "flux_element" element
ccx modify historyoutput 1 node nodeset 1 totals_yes
ccx modify historyoutput 1 node key_on NT U 
ccx modify historyoutput 1 node key_off TSF TTF PN PSF PTF MACH CP VF DEPF TURB MF RFL RF
ccx modify historyoutput 2 element block 1
ccx modify historyoutput 2 element key_on S E HFL 
ccx modify historyoutput 2 element key_off SVF ME PEEQ CEEQ ENER SDV HFLF COORD ELSE ELKE EVOL EMAS EBHE CENT 

ccx create initialcondition temperature
ccx modify initialcondition 1 temperature bc_id 1

ccx create step name "Load" heattransfer
ccx modify step 1 heattransfer initialtimeincrement 1 timeperiodofstep 20 minimumtimeincrement 1 maximumtimeincrement 1
ccx step 1 add load heatflux 1
ccx step 1 add historyoutput 1
ccx step 1 add historyoutput 2
ccx step 1 add fieldoutput 1
ccx step 1 add fieldoutput 2

#C3D20
block 1 element type hex20
ccx block 1 element_type C3D20
mesh vol all
mesh vertex all
ccx create job name "C3D20_heatflux"

#ccx run job 1
#ccx wait job 1
#ccx result paraview job 1

#C3D20R
ccx block 1 element_type C3D20R
ccx create job name "C3D20R_heatflux"

#ccx run job 2
#ccx wait job 2
#ccx result paraview job 2

#C3D8
delete mesh
block 1 element type hex8
ccx block 1 element_type C3D8
mesh vol all
mesh vertex all
ccx create job name "C3D8_heatflux"

#ccx run job 3
#ccx wait job 3
#ccx result paraview job 3

#C3D8R
ccx block 1 element_type C3D8R
mesh vol all
ccx create job name "C3D8R_heatflux"

#ccx run job 4
#ccx wait job 4
#ccx result paraview job 4

#C3D8I
ccx block 1 element_type C3D8R
mesh vol all
ccx create job name "C3D8I_heatflux"

#ccx run job 5
#ccx wait job 5
#ccx result paraview job 5

#C3D4
delete mesh
volume 1 scheme tetmesh
block 1 element type tetra4
ccx block 1 element_type C3D4
mesh vol all
mesh vertex all
ccx create job name "C3D4_heatflux"

#ccx run job 6
#ccx wait job 6
#ccx result paraview job 6

#C3D10
delete mesh
block 1 element type tetra10
ccx block 1 element_type C3D10
mesh vol all
mesh vertex all
ccx create job name "C3D10_heatflux"

#ccx run job 7
#ccx wait job 7
#ccx result paraview job 7

#C3D10T
ccx block 1 element_type C3D10T
mesh vol all
ccx create job name "C3D10T_heatflux"

#ccx run job 8
#ccx wait job 8
#ccx result paraview job 8

#C3D6
delete mesh
block 1 element type wedge6
ccx block 1 element_type C3D6
mesh surf 1
volume 1 redistribute nodes on 
volume 1 scheme Sweep  source surface 1   target surface 2  sweep transform translate propagate bias  
volume 1 autosmooth target off 
mesh vol all
mesh vertex all
ccx create job name "C3D6_heatflux"

#ccx run job 9
#ccx wait job 9
#ccx result paraview job 9

#C3D15
block 1 element type wedge15
ccx block 1 element_type C3D15
ccx create job name "C3D15_heatflux"

ccx run job 10
ccx wait job 10
ccx result paraview job 10