#!cubit
reset
create brick x 1
create brick x 1
move vol 2 x 2
#block 1 add vol 1
vol all size auto factor 5
mesh vol all
block 1 vol 1
block 2 vol 2

#material
create material "steel" property_group "CalculiX-FEA"
modify material "steel" scalar_properties "CCX_ELASTIC_USE_CARD" 1
modify material "steel" scalar_properties "CCX_ELASTIC_ISO_USE_CARD" 1
modify material "steel" matrix_property "CCX_ELASTIC_ISO_MODULUS_VS_POISSON_VS_TEMPERATURE" 210000 0.3 0 
modify material "steel" scalar_properties "CCX_PLASTIC_ISO_USE_CARD" 1
modify material "steel" scalar_properties "CCX_DENSITY_USE_CARD" 1
modify material "steel" matrix_property "CCX_DENSITY_DENSITY" 7.9e-06 0 
modify material "steel" scalar_properties "CCX_SPECIFIC_HEAT_USE_CARD" 1
modify material "steel" matrix_property "CCX_SPECIFIC_HEAT_SPECIFIC_HEAT" 5e+08 0 
modify material "steel" scalar_properties "CCX_EXPANSION_USE_CARD" 1
modify material "steel" scalar_properties "CCX_EXPANSION_ISO_USE_CARD" 1
modify material "steel" matrix_property "CCX_EXPANSION_ISO_A_TEMPERATURE" 1.2e-05 0 
modify material "steel" scalar_properties "CCX_CONDUCTIVITY_USE_CARD" 1
modify material "steel" scalar_properties "CCX_CONDUCTIVITY_ISO_USE_CARD" 1
modify material "steel" matrix_property "CCX_CONDUCTIVITY_ISO_K_TEMPERATURE" 50 0 

ccx create section solid block all material 1

ccx create bodyheatflux 1000 block 1 name "test" 
ccx create bodyheatflux -1000 element 1001 1002 1003 1004 1005 name "test2" 

#boundary conditions
create temperature on vol all value 293 #will be used as initial condition

#initial conditions
ccx create initialcondition temperature
ccx modify initialcondition 1 temperature bc_id 1


ccx create step name "bodyheatflux" heattransfer
ccx modify step 1 parameter inc 100000
ccx modify step 1 heattransfer  totaltimeatstart 0 initialtimeincrement 1e+1 timeperiodofstep 1000 minimumtimeincrement 1e-5 maximumtimeincrement 1e+1
ccx step 1 add load bodyheatflux 1 2
ccx create fieldoutput name "fo" node
ccx modify fieldoutput 1 node
ccx modify fieldoutput 1 node key_on NT
ccx modify fieldoutput 1 node key_off U RF CP DEPF DEPT DTF HCRI KEQ MACH MAXU MF PNT POT PRF PS PSF PT PTF PU RFL SEN TS TSF TT TTF TURB V VF 
ccx create fieldoutput name "eo" element
ccx modify fieldoutput 2 element
ccx modify fieldoutput 2 element key_on HFL
ccx modify fieldoutput 2 element key_off E S CEEQ ECD EMFB EMFE ENER ERR HER HFLF MAXE MAXS ME PEEQ PHS SF SMID SNEG SPOS SVF SDV THE ZZS 
ccx step 1 add fieldoutput 1
ccx step 1 add fieldoutput 2

ccx create job name "bodyheatflux"

#export ccx "bodyheatflux.inp" overwrite

