reset
ccx create surfaceinteraction name test1_1 exponential c0 1.0 p0 2.0
ccx create surfaceinteraction name test1_2 exponential c0 1.0 p0 2.0
ccx create surfaceinteraction name test1_3 exponential c0 1.0 p0 2.0
ccx create surfaceinteraction name test2_1 linear slopeK 1 sigmaINF 2 c0 3
ccx create surfaceinteraction name test2_2 linear slopeK 1 sigmaINF 2 c0 3
ccx create surfaceinteraction name test2_3 linear slopeK 1 sigmaINF 2 c0 3
ccx create surfaceinteraction name test3_1 tabular pressure_overclosure 0 1 2 3 4 5 6 7
ccx create surfaceinteraction name test3_2 tabular pressure_overclosure 0 1 2 3 4 5 6 7 8 9
ccx create surfaceinteraction name test3_3 tabular pressure_overclosure 0 1 2 3 4 5 6 7 8 9 10 11 12 13
ccx create surfaceinteraction name test4_1 tied slopeK 1
ccx create surfaceinteraction name test4_2 tied slopeK 2
ccx create surfaceinteraction name test4_3 tied slopeK 3
ccx create surfaceinteraction name test5_1 hard
ccx create surfaceinteraction name test5_2 hard
ccx create surfaceinteraction name test5_3 hard
ccx modify surfaceinteraction 1 name name1_1
ccx modify surfaceinteraction 2 exponential c0 2.0 p0 3.0
ccx modify surfaceinteraction 3 name name1_3
ccx modify surfaceinteraction 3 exponential c0 5.0 p0 6.0
ccx modify surfaceinteraction 4 linear slopeK 22 sigmaINF 99 c0 33.0
ccx modify surfaceinteraction 7 tabular pressure_overclosure 9999 1 2 3 4 5 6 7 897897897 8978978979
ccx modify surfaceinteraction 10 tied slopeK 9999999
ccx modify surfaceinteraction 10 gapconductance conductance_contactpressure_temperature 11 22 33
ccx modify surfaceinteraction 10 gapconductance conductance_contactpressure_temperature 91 29 99
ccx modify surfaceinteraction 11 gapconductance conductance_contactpressure_temperature 11 22 33
ccx modify surfaceinteraction 11 gapconductance conductance_contactpressure_temperature 11 22 33 44 55 66 77 88 99
ccx modify surfaceinteraction 11 gapconductance conductance_contactpressure_temperature 77 88 99
ccx modify surfaceinteraction 10 gapconductance conductance_contactpressure_temperature 91 29 99 88 88 88
ccx modify surfaceinteraction 1 gapconductance conductance_contactpressure_temperature 91 29 99 88 88 88
ccx modify surfaceinteraction 2 gapheatgeneration heat_conversion_factor 22 surface_weighing_factor 55 differential_tangential_velocity 2000
ccx modify surfaceinteraction 1 gapheatgeneration heat_conversion_factor 22 surface_weighing_factor 55 differential_tangential_velocity 2000
ccx modify surfaceinteraction 3 gapheatgeneration heat_conversion_factor 22 surface_weighing_factor 55 differential_tangential_velocity 2000
ccx modify surfaceinteraction 1 friction mu 0.5 lambda 99
ccx modify surfaceinteraction 2 friction mu 0.5 lambda 99
ccx modify surfaceinteraction 3 friction mu 0.5 lambda 99
ccx modify surfaceinteraction 1 friction mu 0.5 lambda 22
ccx create contactpair surfaceinteraction 1 nodetosurface master 1 slave 2 adjust 0.99
ccx create contactpair surfaceinteraction 2 surfacetosurface master 1 slave 2 adjust 0.99
ccx create contactpair surfaceinteraction 3 mortar master 1 slave 2 adjust 0.99
ccx create contactpair surfaceinteraction 4 linmortar master 1 slave 2
ccx create contactpair surfaceinteraction 5 pglinmortar master 1 slave 2
ccx create contactpair surfaceinteraction 6 massless master 1 slave 2
#export ccx "test_contact.inp"














