ccx use logfile core on
reset

create brick x 1
create brick x 1
create brick x 1
create brick x 1
set duplicate block elements off
block 1 add volume 1
block 2 add volume 2
block 3 add volume 3
block 4 add volume 4

create material "Test1" property_group "CalculiX-FEA" 
modify material "Test1" scalar_properties "CCX_ELASTIC_ISO_USE_CARD" 1
modify material "Test1" matrix_property "CCX_ELASTIC_ISO_MODULUS_VS_POISSON_VS_TEMPERATURE" 22 11 33 

create material "Test2" property_group "CalculiX-FEA" 
modify material "Test2" scalar_properties "CCX_ELASTIC_ORTHO_USE_CARD" 1
modify material "Test2" matrix_property "CCX_ELASTIC_ORTHO_CONSTANTS_VS_TEMPERATURE" 1 2 3 4 5 6 7 8 9 10 1 2 3 4 5 6 7 8 9 10 1 2 3 4 5 6 7 8 9 10 1 2 3 4 5 6 7 8 9 10

modify material "Test2" scalar_properties "CCX_ELASTIC_EC_USE_CARD" 1
modify material "Test2" matrix_property "CCX_ELASTIC_EC_CONSTANTS_VS_TEMPERATURE" 1 2 3 4 5 6 7 8 9 10

create material "Test3" property_group "CalculiX-FEA" 
modify material "Test3" scalar_properties "CCX_ELASTIC_ANISO_USE_CARD" 1
modify material "Test3" matrix_property "CCX_ELASTIC_ANISO_CONSTANTS_VS_TEMPERATURE" 1 2 3 4 5 6 7 8 9 10 11 12 13 14 15 16 17 18 19 20 21 22
modify material "Test3" scalar_properties "CCX_ELASTIC_ISO_USE_CARD" 1
modify material "Test3" scalar_properties "CCX_ELASTIC_ORTHO_USE_CARD" 1
modify material "Test3" scalar_properties "CCX_ELASTIC_EC_USE_CARD" 1
modify material "Test3" scalar_properties "CCX_PLASTIC_ISO_USE_CARD" 1
modify material "Test3" scalar_properties "CCX_PLASTIC_KIN_USE_CARD" 1
modify material "Test3" scalar_properties "CCX_DENSITY_USE_CARD" 1
modify material "Test3" scalar_properties "CCX_EXPANSION_ISO_USE_CARD" 1
modify material "Test3" scalar_properties "CCX_EXPANSION_ORTHO_USE_CARD" 1
modify material "Test3" scalar_properties "CCX_EXPANSION_ANISO_USE_CARD" 1
modify material "Test3" scalar_properties "CCX_EXPANSION_ZERO_USE_CARD" 1
modify material "Test3" scalar_properties "CCX_EXPANSION_ZERO" 1
modify material "Test3" matrix_property "CCX_ELASTIC_ISO_MODULUS_VS_POISSON_VS_TEMPERATURE" 1 2 3 4 5 6 
modify material "Test3" matrix_property "CCX_ELASTIC_ORTHO_CONSTANTS_VS_TEMPERATURE" 1 2 3 4 5 6 7 8 9 10 11 12 13 14 15 16 17 18 19 20 
modify material "Test3" matrix_property "CCX_ELASTIC_EC_CONSTANTS_VS_TEMPERATURE" 1 2 3 4 5 6 7 8 9 10 
modify material "Test3" matrix_property "CCX_PLASTIC_ISO_YIELD_STRESS_VS_STRAIN_VS_TEMPERATURE" 1 2 3 4 5 6 
modify material "Test3" matrix_property "CCX_PLASTIC_KIN_YIELD_STRESS_VS_STRAIN_VS_TEMPERATURE" 1 2 0 
modify material "Test3" matrix_property "CCX_DENSITY_DENSITY" 1 0 
modify material "Test3" matrix_property "CCX_EXPANSION_ISO_A_TEMPERATURE" 1 1 1 2 3 4 
modify material "Test3" matrix_property "CCX_EXPANSION_ORTHO_CONSTANTS_VS_TEMPERATURE" 1 2 3 4 1 2 3 5 12 32 33 6 
modify material "Test3" matrix_property "CCX_EXPANSION_ANISO_CONSTANTS_VS_TEMPERATURE" 1 2 3 4 5 6 7 

ccx create section beam beam_type rect block 1 material 1 thickness1 0.1 thickness2 99 x 1 y 0 z 0 orientation OR1 offset1 0.1 offset2 -0.22

ccx create section membrane block 2 material 2 orientation OR1 thickness 99 offset -0.5

ccx create section shell block 2 material 3 orientation OR1 thickness 99 offset -0.5

ccx create section solid block 3 material 1 orientation OR1 thickness 99

export ccx "test_output.inp"
